Loaded 559 failure records (528 unique URLs)
State so far — recovered: 0, skipped(existing): 0, skipped(hard): 0, still failed: 0
Output: plans/_incoming/

[1/528] Santa Fe, ARG (score 100)
  URL: https://santafeciudad.gov.ar/wp-content/uploads/2023/10/LIBRO-PLAC..pdf
  ✗ All strategies failed: curl returned non-PDF (text/html; charset=UTF-8)

[2/528] Vancouver, CAN (score 100)
  URL: https://council.vancouver.ca/20240723/documents/r3_CCAS_2024_Annual_Report.PDF
  ✗ All strategies failed: curl returned non-PDF (text/html; charset=UTF-8)

[3/528] Glasgow, GBR (score 100)
  URL: https://www.glasgow.gov.uk/media/2376/Glasgow-s-Climate-Adaptation-Plan-2022-30/pdf/GlasgowsClimateA
  ✗ All strategies failed: curl returned non-PDF (text/plain)

[4/528] Bangkok, THA (score 100)
  URL: https://webportal.bangkok.go.th/public/user_files_editor/231/Doc_Website/AnnualReport/ClimateActionP
  ✗ All strategies failed: curl returned non-PDF (text/html; charset=UTF-8)

[5/528] Milwaukee, USA (score 100)
  URL: https://city.milwaukee.gov/ImageLibrary/Groups/cityGreenTeam/images/ECO_Climate_and_Equity_Plan_2023
  ✗ All strategies failed: curl returned non-PDF (text/html; charset=UTF-8)

[6/528] San Jose, USA (score 100)
  URL: https://www.sanjoseca.gov/your-government/departments-offices/energy/climate-smart-san-jose/climate-
  ⊘ Already in incoming

[7/528] Ottawa, CAN (score 100)
  URL: https://engage.ottawa.ca/17951/widgets/96535/documents/102499
  ✗ All strategies failed: direct_httpx returned non-PDF (text/html; charset=utf-8)

[8/528] Beijing, CHN (score 100)
  URL: http://sthjj.beijing.gov.cn/bjhrb/index/xxgk69/zfxxgk43/fdzdgknr2/zcfb/2024bzcwj/543352535/index.htm
  ✗ All strategies failed: direct_httpx returned non-PDF (text/html; charset=utf-8)

[9/528] Longgang, CHN (score 100)
  URL: https://meeb.sz.gov.cn/attachment/1/1430/1430604/11209902.pdf
  ⊘ Already in incoming

[10/528] Bogotá, COL (score 100)
  URL: https://www.sdp.gov.co/sites/default/files/doc_conpes_31_pp_aclimatica.pdf
