Loaded 559 failure records (528 unique URLs)
State so far — recovered: 3, skipped(existing): 2, skipped(hard): 0, still failed: 4
Output: plans/_incoming/

[10/528] Bogotá, COL (score 100)
  URL: https://www.sdp.gov.co/sites/default/files/doc_conpes_31_pp_aclimatica.pdf
  ✗ All strategies failed: all strategies failed

[11/528] Bogotá, COL (score 100)
  URL: https://www.sdp.gov.co/sites/default/files/conpes-31-accion-climatica.pdf
  ✗ All strategies failed: all strategies failed

[12/528] Takoradi [Sekondi-Takoradi], GHA (score 100)
  URL: https://stma.gov.gh/documents/STMA-SEACAP-Plan.pdf
  ✗ All strategies failed: all strategies failed

[13/528] Christchurch, NZL (score 100)
  URL: https://ccc.govt.nz/assets/Documents/Environment/Climate-Change/Otautahi-Christchurch-Climate-Resili
  ✗ All strategies failed: curl_cffi returned non-PDF (text/html)

[14/528] Krakow, POL (score 100)
  URL: https://www.bip.krakow.pl/?dok_id=114317
  ✗ All strategies failed: curl_cffi returned non-PDF (text/html; charset=UTF-8)

[15/528] Moscow, RUS (score 100)
  URL: https://www.mos.ru/upload/documents/files/5fe0d4befa0be5eb50159b94c76ccf4d/240917_Broshura_Klimatich
  ✗ All strategies failed: all strategies failed

[16/528] Saint Petersburg, RUS (score 100)
  URL: https://www.gov.spb.ru/static/writable/documents/2023/08/03/%D0%9F%D0%BB%D0%B0%D0%BD_%D0%B0%D0%B4%D0
  ✗ All strategies failed: all strategies failed

[17/528] Durban, ZAF (score 100)
  URL: https://economic.durban.gov.za/uploads/0000/13/2025/12/22/em-dccs-approved-20220623.pdf
  ✓ Recovered via httpx_no_ssl_verify → plans/_incoming/ZAF/364/em-dccs-approved-20220623.pdf

[18/528] Heidelberg, DEU (score 99)
  URL: https://heidelberg.de/HD/Leben/hitze_+informationen_+tipps+und+massnahmen.html
  ✓ Recovered via html_scrape(curl_cffi) → plans/_incoming/DEU/1011/plan_1011.pdf

[19/528] Mirzapur, IND (score 99)
  URL: https://upsdma.up.nic.in/2025/HAP2025/Mirzapur.pdf
  ✓ Recovered via httpx_no_ssl_verify → plans/_incoming/IND/656/Mirzapur.pdf

[20/528] Quito, ECU (score 98)
  URL: https://ambiente.quito.gob.ec/wp-content/uploads/2026/01/PLAN-DE-ACCION-DE-CAMBIO-CLIMATICO-DMQ-2025
  ✗ All strategies failed: curl returned non-PDF (text/html)

[21/528] Manchester, GBR (score 98)
  URL: https://democracy.manchester.gov.uk/documents/s56554/Manchester%20Climate%20Change%20Framework%20and
  ✗ All strategies failed: curl returned non-PDF (text/html)

[22/528] Sheffield, GBR (score 98)
  URL: https://democracy.sheffield.gov.uk/documents/s74234/Appendix%201%20Climate%20Adaptation%20Guidance%2
  ✓ Recovered via wayback → plans/_incoming/GBR/209/Appendix20120Climate20Adaptation20Guidance20for20Service20Managers.pdf

[23/528] Balikpapan, IDN (score 98)
  URL: https://dlh.balikpapan.go.id/contents/20241028131214271004.pdf
  ✓ Recovered via wayback → plans/_incoming/IDN/968/20241028131214271004.pdf

[24/528] Managua, NIC (score 98)
  URL: https://www.managua.gob.ni/wp-content/uploads/2024/07/GUIA-METODOLOGICA-CC-GRD-GA-ALMA-2090724.pdf
  ✗ All strategies failed: direct_httpx returned non-PDF (text/html; charset=UTF-8)

[25/528] Fresno, USA (score 98)
  URL: https://www.fresno.gov/wp-content/uploads/2026/03/Fresno-General-Plan-Revisions_NOP_for-Posting_2.27
  ✓ Recovered via curl_cffi → plans/_incoming/USA/6/Fresno-General-Plan-Revisions_NOP_for-Posting_2.27.26-10w1376.pdf

[26/528] Oakland, USA (score 98)
  URL: https://www.oaklandca.gov/Community/Community-Development/Sustainability-Environment/Sustainability-
  ✓ Recovered via html_scrape(direct_httpx) → plans/_incoming/USA/1017/plan_1017.pdf

[27/528] San Jose, USA (score 98)
  URL: https://www.sanjoseca.gov/Home/Components/News/News/7236/4699
  ⊘ Already in incoming

[28/528] Ceilândia, BRA (score 98)
  URL: https://www.sema.df.gov.br/documents/6196895/38823838/Texto-Consulta-Publica-2021-Plano-de-Adaptacao
  ✗ All strategies failed: all strategies failed

[29/528] Natal, BRA (score 98)
  URL: https://www.natal.rn.gov.br/semurb/monitoramento-climatico
  ✗ All strategies failed: all strategies failed

[30/528] Salvador, BRA (score 98)
  URL: https://www.oidp.net/docs/repo/doc1360.pdf
  ✗ All strategies failed: all strategies failed

[31/528] Shijiazhuang, CHN (score 98)
  URL: https://wsjk.sjz.gov.cn/columns/06024908-7b6f-463b-bc4d-d09663b67d3e/202504/11/ce4ea2e0-54d9-4676-b0
  ✗ All strategies failed: curl_cffi returned non-PDF (text/html; charset=UTF-8)

[32/528] Mumbai, IND (score 98)
  URL: https://mcap.mcgm.gov.in/wp-content/uploads/2025/06/English_CB-Report-2025-26_digital.pdf
  ✓ Recovered via httpx_no_ssl_verify → plans/_incoming/IND/547/English_CB-Report-2025-26_digital.pdf

[33/528] Vijayawada, IND (score 98)
  URL: https://southasia.iclei.org/publication/vijayawada-net-zero-climate-resilient-city-action-plan/
  ✗ All strategies failed: curl_cffi returned non-PDF (text/html; charset=UTF-8)

[34/528] Hamamatsu, JPN (score 98)
  URL: https://www.city.hamamatsu.shizuoka.jp/shin-ene/kankyou/env/ondanka_kuiki/index.html
  ✓ Recovered via html_scrape(curl_cffi) → plans/_incoming/JPN/985/plan_985.pdf

[35/528] Kanazawa, JPN (score 98)
  URL: https://www4.city.kanazawa.lg.jp/soshikikarasagasu/zeroc/ondankataisaku/zerocarboncity/9408.html
  ✓ Recovered via html_scrape(curl_cffi) → plans/_incoming/JPN/978/plan_978.pdf

[36/528] Panama City, PAN (score 98)
  URL: https://resiliencia.mupa.gob.sa/wp-content/uploads/2022/08/Plan-de-Gestion-de-Riesgo-2020_Banco-Mund
  ✗ All strategies failed: all strategies failed

[37/528] Lima, PER (score 98)
  URL: https://smia.munlima.gob.pe/uploads/documento/f30cb067210d4ac2.pdf
  ✗ All strategies failed: all strategies failed

[38/528] Dakar, SEN (score 98)
  URL: https://cdn.locomotive.works/sites/5ab410c8a2f42204838f797e/content_entry5ab410faa2f42204838f7990/5a
  ✗ All strategies failed: curl returned non-PDF (unknown)

[39/528] Dar es Salaam, TZA (score 98)
  URL: https://dcc.go.tz/storage/app/uploads/public/698/09b/e33/69809be33f37a892164664.pdf
  ✗ All strategies failed: curl_cffi returned non-PDF (text/html)

[40/528] Can Tho, VNM (score 98)
  URL: http://pbgdpl.cantho.gov.vn/ke-hoach-hanh-dong-ung-pho-voi-bien-doi-khi-hau-giai-doan-2021-2030-tam-
  ✓ Recovered via html_scrape(curl_cffi) → plans/_incoming/VNM/851/plan_851.pdf

[41/528] Naples, ITA (score 97)
  URL: https://www.comune.napoli.it/articolo_tematico/area-tematica-ambiente/transizione-ecologica-e-politi
  ✓ Recovered via html_scrape(curl_cffi) → plans/_incoming/ITA/290/plan_290.pdf

[42/528] Portland, USA (score 96)
  URL: https://www.portland.gov/bps/cleanenergy/documents/cooling-portland-report-year-4-2025/download
  ✓ Recovered via curl_cffi → plans/_incoming/USA/16/plan_16.pdf

[43/528] Santiago de los Caballeros, DOM (score 95)
  URL: https://resilientcitiesnetwork.org/dialogue/santiago-de-los-caballeros-resilience-strategy
  ✗ All strategies failed: curl returned non-PDF (text/html; charset=UTF-8)

[44/528] Qingdao, CHN (score 95)
  URL: http://www.qingdao.gov.cn/zwgk/xxgk/sthj/gkml/gwfg/202203/P020220222391334927567.pdf
  ✗ All strategies failed: all strategies failed

[45/528] Serrekunda, GMB (score 95)
  URL: https://www.facebook.com/100064538711649/posts/kmc-validates-climate-action-plan-20262035-the-kanifi
  ⊘ Hard-skip host: www.facebook.com

[46/528] Batam City, IDN (score 95)
  URL: https://bpbd.batam.go.id/wp-content/uploads/sites/131/2026/02/Dokumen-KRB-Kota-Batam_SK-WAKO-BATAM-6
  ✗ All strategies failed: curl returned non-PDF (text/html; charset=UTF-8)

[47/528] Jakarta, IDN (score 95)
  URL: https://jdih.jakarta.go.id/dokumenPeraturanDirectory/0031/LampiranTambahan%200000011538-rad.pdf
  ✓ Recovered via direct_httpx → plans/_incoming/IDN/873/LampiranTambahan200000011538-rad.pdf

[48/528] Basti, IND (score 95)
  URL: https://upsdma.up.nic.in/2024/Heat_Wave_Action_Plan_2024.pdf
